// Jest Snapshot v1, https://goo.gl/fbAQLP

exports[`should render a player's details 1`] = `
<div>
  <div>
    <h1>
      Hans Olo
    </h1>
    <h2>
      Position: 
      Catcher
    </h2>
    <h3>
      Team: 
    </h3>
    <a
      href="/teams/1"
    >
      Bridge City Sneakers
    </a>
  </div>
</div>
`;
